src/sections/ScheduleManager.tsx(92,9): error TS6133: 'handleCancel' is declared but its value is never read.
